► checking prerequisites
✔ Kubernetes {{ .serverVersion }} >=1.28.0-0
✔ prerequisites checks passed
